icpc: remark #10397: optimization reports are generated in *.optrpt files in the output location
icpc: remark #10397: optimization reports are generated in *.optrpt files in the output location
icpc: remark #10397: optimization reports are generated in *.optrpt files in the output location
icpc: remark #10397: optimization reports are generated in *.optrpt files in the output location
icpc: remark #10397: optimization reports are generated in *.optrpt files in the output location
icpc: remark #10397: optimization reports are generated in *.optrpt files in the output location
icpc: remark #10397: optimization reports are generated in *.optrpt files in the output location
